[dotenv@17.2.3] injecting env (10) from .env.local -- tip: ≡ƒùé∩╕Å backup and recover secrets: https://dotenvx.com/ops
Testing OpenAI Key...
Key: sk-proj-1o...
node : Error: 
RateLimitError: 429 You 
exceeded your current quota, 
please check your plan and 
billing details. For more 
information on this error, 
read the docs: https://platfo
rm.openai.com/docs/guides/err
or-codes/api-errors.
At line:1 char:1
+ node test-openai.mjs > 
test_output.txt 2>&1
+ ~~~~~~~~~~~~~~~~~~~~~~~~~~~
~~~~~~~~~~~~~~~~
    + CategoryInfo           
   : NotSpecified: (Error:   
  RateLimi...des/api-error   
 s.:String) [], RemoteExc    
eption
    + FullyQualifiedErrorId  
   : NativeCommandError
 
    at APIError.generate (fil
e:///E:/ScriptGo/node_modules
/openai/core/error.mjs:59:20)
    at 
OpenAI.makeStatusError (file:
///E:/ScriptGo/node_modules/o
penai/client.mjs:162:32)
    at OpenAI.makeRequest (fi
le:///E:/ScriptGo/node_module
s/openai/client.mjs:330:30)
    at process.processTicksAn
dRejections (node:internal/pr
ocess/task_queues:105:5)
    at async test (file:///E:
/ScriptGo/test-openai.mjs:15:
26) {
  status: 429,
  headers: Headers {
    date: 'Wed, 04 Feb 2026 
04:35:40 GMT',
    'content-type': 
'application/json; 
charset=utf-8',
    'content-length': '337',
    connection: 'keep-alive',
    vary: 'Origin',
    'x-request-id': 'req_4f12
6f18779f46f4969ebfce86b9fa33'
,
    'x-openai-proxy-wasm': 
'v0.1',
    'cf-cache-status': 
'DYNAMIC',
    'set-cookie': '__cf_bm=Fw
8lBJ._LcEyRvVlS4AARuoNPUpEfeF
9LT5wHFwoYJQ-1770179740-1.0.1
.1-j8M78WhUJe6OITRoXQ6ei1OH7.
eLJ89aTxoBWyp.zFl.HV1ivKqi1yc
2LZxcuolY3qQOI4XEhGJGLOaiVcte
Zpitaa_GqAEwOkARKfNyK2A; 
path=/; expires=Wed, 
04-Feb-26 05:05:40 GMT; 
domain=.api.openai.com; 
HttpOnly; Secure; 
SameSite=None, _cfuvid=dDTMBJ
nnRhQU6WB36A5M9pryzjDDTYwBi83
LjIEcnQU-1770179740451-0.0.1.
1-604800000; path=/; 
domain=.api.openai.com; 
HttpOnly; Secure; 
SameSite=None',
    
'strict-transport-security': 
'max-age=31536000; 
includeSubDomains; preload',
    
'x-content-type-options': 
'nosniff',
    server: 'cloudflare',
    'cf-ray': 
'9c87766ccb5f1797-MAA',
    'alt-svc': 'h3=":443"; 
ma=86400'
  },
  requestID: 'req_4f126f18779
f46f4969ebfce86b9fa33',
  error: {
    message: 'You exceeded 
your current quota, please 
check your plan and billing 
details. For more 
information on this error, 
read the docs: https://platfo
rm.openai.com/docs/guides/err
or-codes/api-errors.',
    type: 
'insufficient_quota',
    param: null,
    code: 
'insufficient_quota'
  },
  code: 'insufficient_quota',
  param: null,
  type: 'insufficient_quota'
}
